2026-02-25 10:51:00 INFO: [86981] Server: Server running in development mode on port 5000
2026-02-25 10:51:00 INFO: [86981] Server: Registered Routes:
2026-02-25 10:51:00 INFO: [86981] Server: GET /
2026-02-25 10:51:00 INFO: [86981] Server: GET /api/categories
2026-02-25 10:51:00 INFO: [86981] Server: POST /api/categories
2026-02-25 10:51:00 INFO: [86981] Server: GET /api/categories/:slug
2026-02-25 10:51:00 INFO: [86981] Server: GET /api/listings
2026-02-25 10:51:00 INFO: [86981] Server: POST /api/listings
2026-02-25 10:51:00 INFO: [86981] Server: GET /api/listings/:id
2026-02-25 10:51:00 INFO: [86981] Server: PUT /api/listings/:id
2026-02-25 10:51:00 INFO: [86981] Server: DELETE /api/listings/:id
2026-02-25 10:51:00 INFO: [86981] Server: POST /api/bookings
2026-02-25 10:51:00 INFO: [86981] Server: GET /api/bookings/user/:userId
2026-02-25 10:51:00 INFO: [86981] Server: POST /api/orders
2026-02-25 10:51:00 INFO: [86981] Server: GET /api/orders/menu/:listingId
2026-02-25 10:51:00 INFO: [86981] Server: POST /api/orders/menu
2026-02-25 10:51:00 INFO: [86981] Server: GET /api/users/profile
2026-02-25 10:51:00 INFO: [86981] Server: PUT /api/users/profile
2026-02-25 10:51:00 INFO: [86981] Server: POST /api/auth/signup
2026-02-25 10:51:00 INFO: [86981] Server: POST /api/auth/signin
2026-02-25 10:51:00 INFO: [86981] Server: GET /api/auth/verify-email/:token
2026-02-25 10:51:00 INFO: [86981] Server: POST /api/auth/mobile-otp
2026-02-25 10:51:00 INFO: [86981] Server: POST /api/auth/verify-mobile
2026-02-25 10:51:00 INFO: [86981] Server: POST /api/auth/send-email-otp
2026-02-25 10:51:00 INFO: [86981] Server: POST /api/auth/verify-email-otp
2026-02-25 11:27:12 INFO: [117940] Server: Server running in development mode on port 5000
2026-02-25 11:27:12 INFO: [117940] Server: Registered Routes:
2026-02-25 11:27:12 INFO: [117940] Server: GET /
2026-02-25 11:27:12 INFO: [117940] Server: GET /api/categories
2026-02-25 11:27:12 INFO: [117940] Server: POST /api/categories
2026-02-25 11:27:12 INFO: [117940] Server: GET /api/categories/:slug
2026-02-25 11:27:12 INFO: [117940] Server: GET /api/listings
2026-02-25 11:27:12 INFO: [117940] Server: POST /api/listings
2026-02-25 11:27:12 INFO: [117940] Server: GET /api/listings/:id
2026-02-25 11:27:12 INFO: [117940] Server: PUT /api/listings/:id
2026-02-25 11:27:12 INFO: [117940] Server: DELETE /api/listings/:id
2026-02-25 11:27:12 INFO: [117940] Server: POST /api/bookings
2026-02-25 11:27:12 INFO: [117940] Server: POST /api/bookings/verify-payment
2026-02-25 11:27:12 INFO: [117940] Server: GET /api/bookings/my-bookings
2026-02-25 11:27:12 INFO: [117940] Server: GET /api/bookings/confirmation/:id
2026-02-25 11:27:12 INFO: [117940] Server: GET /api/bookings/:id/email-preview
2026-02-25 11:27:12 INFO: [117940] Server: GET /api/bookings/:userId
2026-02-25 11:27:12 INFO: [117940] Server: POST /api/bookings/sync-mock
2026-02-25 11:27:12 INFO: [117940] Server: POST /api/orders
2026-02-25 11:27:12 INFO: [117940] Server: GET /api/orders/menu/:listingId
2026-02-25 11:27:12 INFO: [117940] Server: POST /api/orders/menu
2026-02-25 11:27:12 INFO: [117940] Server: GET /api/users/profile
2026-02-25 11:27:12 INFO: [117940] Server: PUT /api/users/profile
2026-02-25 11:27:12 INFO: [117940] Server: POST /api/auth/signup
2026-02-25 11:27:12 INFO: [117940] Server: POST /api/auth/signin
2026-02-25 11:27:12 INFO: [117940] Server: GET /api/auth/verify-email/:token
2026-02-25 11:27:12 INFO: [117940] Server: POST /api/auth/mobile-otp
2026-02-25 11:27:12 INFO: [117940] Server: POST /api/auth/verify-mobile
2026-02-25 11:27:12 INFO: [117940] Server: POST /api/auth/send-email-otp
2026-02-25 11:27:12 INFO: [117940] Server: POST /api/auth/verify-email-otp
2026-02-25 11:27:12 INFO: [117939] Server: Server running in development mode on port 5000
2026-02-25 11:27:12 INFO: [117939] Server: Registered Routes:
2026-02-25 11:27:12 INFO: [117939] Server: GET /
2026-02-25 11:27:12 INFO: [117939] Server: GET /api/categories
2026-02-25 11:27:12 INFO: [117939] Server: POST /api/categories
2026-02-25 11:27:12 INFO: [117939] Server: GET /api/categories/:slug
2026-02-25 11:27:12 INFO: [117939] Server: GET /api/listings
2026-02-25 11:27:12 INFO: [117939] Server: POST /api/listings
2026-02-25 11:27:12 INFO: [117939] Server: GET /api/listings/:id
2026-02-25 11:27:12 INFO: [117939] Server: PUT /api/listings/:id
2026-02-25 11:27:12 INFO: [117939] Server: DELETE /api/listings/:id
2026-02-25 11:27:12 INFO: [117939] Server: POST /api/bookings
2026-02-25 11:27:12 INFO: [117939] Server: POST /api/bookings/verify-payment
2026-02-25 11:27:12 INFO: [117939] Server: GET /api/bookings/my-bookings
2026-02-25 11:27:12 INFO: [117939] Server: GET /api/bookings/confirmation/:id
2026-02-25 11:27:12 INFO: [117939] Server: GET /api/bookings/:id/email-preview
2026-02-25 11:27:12 INFO: [117939] Server: GET /api/bookings/:userId
2026-02-25 11:27:12 INFO: [117939] Server: POST /api/bookings/sync-mock
2026-02-25 11:27:12 INFO: [117939] Server: POST /api/orders
2026-02-25 11:27:12 INFO: [117939] Server: GET /api/orders/menu/:listingId
2026-02-25 11:27:12 INFO: [117939] Server: POST /api/orders/menu
2026-02-25 11:27:12 INFO: [117939] Server: GET /api/users/profile
2026-02-25 11:27:12 INFO: [117939] Server: PUT /api/users/profile
2026-02-25 11:27:12 INFO: [117939] Server: POST /api/auth/signup
2026-02-25 11:27:12 INFO: [117939] Server: POST /api/auth/signin
2026-02-25 11:27:12 INFO: [117939] Server: GET /api/auth/verify-email/:token
2026-02-25 11:27:12 INFO: [117939] Server: POST /api/auth/mobile-otp
2026-02-25 11:27:12 INFO: [117939] Server: POST /api/auth/verify-mobile
2026-02-25 11:27:12 INFO: [117939] Server: POST /api/auth/send-email-otp
2026-02-25 11:27:12 INFO: [117939] Server: POST /api/auth/verify-email-otp
2026-02-25 11:27:40 INFO: [118801] Server: Server running in development mode on port 5000
2026-02-25 11:27:40 INFO: [118801] Server: Registered Routes:
2026-02-25 11:27:40 INFO: [118801] Server: GET /
2026-02-25 11:27:40 INFO: [118801] Server: GET /api/categories
2026-02-25 11:27:40 INFO: [118801] Server: POST /api/categories
2026-02-25 11:27:40 INFO: [118801] Server: GET /api/categories/:slug
2026-02-25 11:27:40 INFO: [118801] Server: GET /api/listings
2026-02-25 11:27:40 INFO: [118801] Server: POST /api/listings
2026-02-25 11:27:40 INFO: [118801] Server: GET /api/listings/:id
2026-02-25 11:27:40 INFO: [118801] Server: PUT /api/listings/:id
2026-02-25 11:27:40 INFO: [118801] Server: DELETE /api/listings/:id
2026-02-25 11:27:40 INFO: [118801] Server: POST /api/bookings
2026-02-25 11:27:40 INFO: [118801] Server: POST /api/bookings/verify-payment
2026-02-25 11:27:40 INFO: [118801] Server: GET /api/bookings/my-bookings
2026-02-25 11:27:40 INFO: [118801] Server: GET /api/bookings/confirmation/:id
2026-02-25 11:27:40 INFO: [118801] Server: GET /api/bookings/:id/email-preview
2026-02-25 11:27:40 INFO: [118801] Server: GET /api/bookings/:userId
2026-02-25 11:27:40 INFO: [118801] Server: POST /api/bookings/sync-mock
2026-02-25 11:27:40 INFO: [118801] Server: POST /api/orders
2026-02-25 11:27:40 INFO: [118801] Server: GET /api/orders/menu/:listingId
2026-02-25 11:27:40 INFO: [118801] Server: POST /api/orders/menu
2026-02-25 11:27:40 INFO: [118801] Server: GET /api/users/profile
2026-02-25 11:27:40 INFO: [118801] Server: PUT /api/users/profile
2026-02-25 11:27:40 INFO: [118801] Server: POST /api/auth/signup
2026-02-25 11:27:40 INFO: [118801] Server: POST /api/auth/signin
2026-02-25 11:27:40 INFO: [118801] Server: GET /api/auth/verify-email/:token
2026-02-25 11:27:40 INFO: [118801] Server: POST /api/auth/mobile-otp
2026-02-25 11:27:40 INFO: [118801] Server: POST /api/auth/verify-mobile
2026-02-25 11:27:40 INFO: [118801] Server: POST /api/auth/send-email-otp
2026-02-25 11:27:40 INFO: [118801] Server: POST /api/auth/verify-email-otp
2026-02-25 12:21:47 ERROR: [117939] Request: GET /api/users/profile 404 - 21ms - IP: ::1
2026-02-25 12:21:47 ERROR: [117939] Request: GET /api/users/profile 404 - 2ms - IP: ::1
2026-02-25 15:13:54 INFO: [117939] Request: GET /api/listings?category=hotels-resorts&page=1&limit=10&sort=&lat=11.026432&lng=76.9785856 200 - 28ms - IP: ::1
2026-02-25 15:13:54 INFO: [117939] Request: GET /api/listings?category=hotels-resorts&page=1&limit=10&sort=&lat=11.026432&lng=76.9785856 304 - 6ms - IP: ::1
2026-02-25 15:14:00 INFO: [117939] Request: GET /api/listings?category=spots 304 - 6ms - IP: ::1
2026-02-25 15:14:00 INFO: [117939] Request: GET /api/listings?category=spots 304 - 5ms - IP: ::1
2026-02-25 15:14:08 INFO: [117939] Request: GET /api/listings?category=restaurants 304 - 5ms - IP: ::1
2026-02-25 15:14:08 INFO: [117939] Request: GET /api/listings?category=restaurants 304 - 4ms - IP: ::1
2026-02-25 15:14:18 INFO: [117939] Request: GET /api/listings?category=shopping 200 - 5ms - IP: ::1
2026-02-25 15:14:18 INFO: [117939] Request: GET /api/listings?category=shopping 304 - 4ms - IP: ::1
2026-02-25 15:22:08 INFO: [184234] Server: Server running in development mode on port 5000
2026-02-25 15:22:08 INFO: [184234] Server: Registered Routes:
2026-02-25 15:22:08 INFO: [184234] Server: GET /
2026-02-25 15:22:08 INFO: [184234] Server: GET /api/categories
2026-02-25 15:22:08 INFO: [184234] Server: POST /api/categories
2026-02-25 15:22:08 INFO: [184234] Server: GET /api/categories/:slug
2026-02-25 15:22:08 INFO: [184234] Server: GET /api/listings
2026-02-25 15:22:08 INFO: [184234] Server: POST /api/listings
2026-02-25 15:22:08 INFO: [184234] Server: GET /api/listings/:id
2026-02-25 15:22:08 INFO: [184234] Server: PUT /api/listings/:id
2026-02-25 15:22:08 INFO: [184234] Server: DELETE /api/listings/:id
2026-02-25 15:22:08 INFO: [184234] Server: POST /api/bookings
2026-02-25 15:22:08 INFO: [184234] Server: POST /api/bookings/verify-payment
2026-02-25 15:22:08 INFO: [184234] Server: GET /api/bookings/my-bookings
2026-02-25 15:22:08 INFO: [184234] Server: GET /api/bookings/confirmation/:id
2026-02-25 15:22:08 INFO: [184234] Server: GET /api/bookings/:id/email-preview
2026-02-25 15:22:08 INFO: [184234] Server: GET /api/bookings/:userId
2026-02-25 15:22:08 INFO: [184234] Server: POST /api/bookings/sync-mock
2026-02-25 15:22:08 INFO: [184234] Server: POST /api/orders
2026-02-25 15:22:08 INFO: [184234] Server: GET /api/orders/menu/:listingId
2026-02-25 15:22:08 INFO: [184234] Server: POST /api/orders/menu
2026-02-25 15:22:08 INFO: [184234] Server: GET /api/users/profile
2026-02-25 15:22:08 INFO: [184234] Server: PUT /api/users/profile
2026-02-25 15:22:08 INFO: [184234] Server: POST /api/auth/signup
2026-02-25 15:22:08 INFO: [184234] Server: POST /api/auth/signin
2026-02-25 15:22:08 INFO: [184234] Server: GET /api/auth/verify-email/:token
2026-02-25 15:22:08 INFO: [184234] Server: POST /api/auth/mobile-otp
2026-02-25 15:22:08 INFO: [184234] Server: POST /api/auth/verify-mobile
2026-02-25 15:22:08 INFO: [184234] Server: POST /api/auth/send-email-otp
2026-02-25 15:22:08 INFO: [184234] Server: POST /api/auth/verify-email-otp
2026-02-25 15:22:38 INFO: [184769] Server: Server running in development mode on port 5000
2026-02-25 15:22:38 INFO: [184769] Server: Registered Routes:
2026-02-25 15:22:38 INFO: [184769] Server: GET /
2026-02-25 15:22:38 INFO: [184769] Server: GET /api/categories
2026-02-25 15:22:38 INFO: [184769] Server: POST /api/categories
2026-02-25 15:22:38 INFO: [184769] Server: GET /api/categories/:slug
2026-02-25 15:22:38 INFO: [184769] Server: GET /api/listings
2026-02-25 15:22:38 INFO: [184769] Server: POST /api/listings
2026-02-25 15:22:38 INFO: [184769] Server: GET /api/listings/:id
2026-02-25 15:22:38 INFO: [184769] Server: PUT /api/listings/:id
2026-02-25 15:22:38 INFO: [184769] Server: DELETE /api/listings/:id
2026-02-25 15:22:38 INFO: [184769] Server: POST /api/bookings
2026-02-25 15:22:38 INFO: [184769] Server: POST /api/bookings/verify-payment
2026-02-25 15:22:38 INFO: [184769] Server: GET /api/bookings/my-bookings
2026-02-25 15:22:38 INFO: [184769] Server: GET /api/bookings/confirmation/:id
2026-02-25 15:22:38 INFO: [184769] Server: GET /api/bookings/:id/email-preview
2026-02-25 15:22:38 INFO: [184769] Server: GET /api/bookings/:userId
2026-02-25 15:22:38 INFO: [184769] Server: POST /api/bookings/sync-mock
2026-02-25 15:22:38 INFO: [184769] Server: POST /api/orders
2026-02-25 15:22:38 INFO: [184769] Server: GET /api/orders/menu/:listingId
2026-02-25 15:22:38 INFO: [184769] Server: POST /api/orders/menu
2026-02-25 15:22:38 INFO: [184769] Server: GET /api/users/profile
2026-02-25 15:22:38 INFO: [184769] Server: PUT /api/users/profile
2026-02-25 15:22:38 INFO: [184769] Server: POST /api/auth/signup
2026-02-25 15:22:38 INFO: [184769] Server: POST /api/auth/signin
2026-02-25 15:22:38 INFO: [184769] Server: GET /api/auth/verify-email/:token
2026-02-25 15:22:38 INFO: [184769] Server: POST /api/auth/mobile-otp
2026-02-25 15:22:38 INFO: [184769] Server: POST /api/auth/verify-mobile
2026-02-25 15:22:38 INFO: [184769] Server: POST /api/auth/send-email-otp
2026-02-25 15:22:38 INFO: [184769] Server: POST /api/auth/verify-email-otp
2026-02-25 15:23:27 INFO: [185433] Server: Server running in development mode on port 5000
2026-02-25 15:23:27 INFO: [185433] Server: Registered Routes:
2026-02-25 15:23:27 INFO: [185433] Server: GET /
2026-02-25 15:23:27 INFO: [185433] Server: GET /api/categories
2026-02-25 15:23:27 INFO: [185433] Server: POST /api/categories
2026-02-25 15:23:27 INFO: [185433] Server: GET /api/categories/:slug
2026-02-25 15:23:27 INFO: [185433] Server: GET /api/listings
2026-02-25 15:23:27 INFO: [185433] Server: POST /api/listings
2026-02-25 15:23:27 INFO: [185433] Server: GET /api/listings/:id
2026-02-25 15:23:27 INFO: [185433] Server: PUT /api/listings/:id
2026-02-25 15:23:27 INFO: [185433] Server: DELETE /api/listings/:id
2026-02-25 15:23:27 INFO: [185433] Server: POST /api/bookings
2026-02-25 15:23:27 INFO: [185433] Server: POST /api/bookings/verify-payment
2026-02-25 15:23:27 INFO: [185433] Server: GET /api/bookings/my-bookings
2026-02-25 15:23:27 INFO: [185433] Server: GET /api/bookings/confirmation/:id
2026-02-25 15:23:27 INFO: [185433] Server: GET /api/bookings/:id/email-preview
2026-02-25 15:23:27 INFO: [185433] Server: GET /api/bookings/:userId
2026-02-25 15:23:27 INFO: [185433] Server: POST /api/bookings/sync-mock
2026-02-25 15:23:27 INFO: [185433] Server: POST /api/orders
2026-02-25 15:23:27 INFO: [185433] Server: GET /api/orders/menu/:listingId
2026-02-25 15:23:27 INFO: [185433] Server: POST /api/orders/menu
2026-02-25 15:23:27 INFO: [185433] Server: GET /api/users/profile
2026-02-25 15:23:27 INFO: [185433] Server: PUT /api/users/profile
2026-02-25 15:23:27 INFO: [185433] Server: POST /api/auth/signup
2026-02-25 15:23:27 INFO: [185433] Server: POST /api/auth/signin
2026-02-25 15:23:27 INFO: [185433] Server: GET /api/auth/verify-email/:token
2026-02-25 15:23:27 INFO: [185433] Server: POST /api/auth/mobile-otp
2026-02-25 15:23:27 INFO: [185433] Server: POST /api/auth/verify-mobile
2026-02-25 15:23:27 INFO: [185433] Server: POST /api/auth/send-email-otp
2026-02-25 15:23:27 INFO: [185433] Server: POST /api/auth/verify-email-otp
2026-02-25 15:23:31 INFO: [185527] Server: Server running in development mode on port 5000
2026-02-25 15:23:31 INFO: [185527] Server: Registered Routes:
2026-02-25 15:23:31 INFO: [185527] Server: GET /
2026-02-25 15:23:31 INFO: [185527] Server: GET /api/categories
2026-02-25 15:23:31 INFO: [185527] Server: POST /api/categories
2026-02-25 15:23:31 INFO: [185527] Server: GET /api/categories/:slug
2026-02-25 15:23:31 INFO: [185527] Server: GET /api/listings
2026-02-25 15:23:31 INFO: [185527] Server: POST /api/listings
2026-02-25 15:23:31 INFO: [185527] Server: GET /api/listings/:id
2026-02-25 15:23:31 INFO: [185527] Server: PUT /api/listings/:id
2026-02-25 15:23:31 INFO: [185527] Server: DELETE /api/listings/:id
2026-02-25 15:23:31 INFO: [185527] Server: POST /api/bookings
2026-02-25 15:23:31 INFO: [185527] Server: POST /api/bookings/verify-payment
2026-02-25 15:23:31 INFO: [185527] Server: GET /api/bookings/my-bookings
2026-02-25 15:23:31 INFO: [185527] Server: GET /api/bookings/confirmation/:id
2026-02-25 15:23:31 INFO: [185527] Server: GET /api/bookings/:id/email-preview
2026-02-25 15:23:31 INFO: [185527] Server: GET /api/bookings/:userId
2026-02-25 15:23:31 INFO: [185527] Server: POST /api/bookings/sync-mock
2026-02-25 15:23:31 INFO: [185527] Server: POST /api/orders
2026-02-25 15:23:31 INFO: [185527] Server: GET /api/orders/menu/:listingId
2026-02-25 15:23:31 INFO: [185527] Server: POST /api/orders/menu
2026-02-25 15:23:31 INFO: [185527] Server: GET /api/users/profile
2026-02-25 15:23:31 INFO: [185527] Server: PUT /api/users/profile
2026-02-25 15:23:31 INFO: [185527] Server: POST /api/auth/signup
2026-02-25 15:23:31 INFO: [185527] Server: POST /api/auth/signin
2026-02-25 15:23:31 INFO: [185527] Server: GET /api/auth/verify-email/:token
2026-02-25 15:23:31 INFO: [185527] Server: POST /api/auth/mobile-otp
2026-02-25 15:23:31 INFO: [185527] Server: POST /api/auth/verify-mobile
2026-02-25 15:23:31 INFO: [185527] Server: POST /api/auth/send-email-otp
2026-02-25 15:23:31 INFO: [185527] Server: POST /api/auth/verify-email-otp
2026-02-25 16:30:59 INFO: [212418] Server: Server running in development mode on port 5000
2026-02-25 16:30:59 INFO: [212418] Server: Registered Routes:
2026-02-25 16:30:59 INFO: [212418] Server: GET /
2026-02-25 16:30:59 INFO: [212418] Server: GET /api/categories
2026-02-25 16:30:59 INFO: [212418] Server: POST /api/categories
2026-02-25 16:30:59 INFO: [212418] Server: GET /api/categories/:slug
2026-02-25 16:30:59 INFO: [212418] Server: GET /api/listings
2026-02-25 16:30:59 INFO: [212418] Server: POST /api/listings
2026-02-25 16:30:59 INFO: [212418] Server: GET /api/listings/:id
2026-02-25 16:30:59 INFO: [212418] Server: PUT /api/listings/:id
2026-02-25 16:30:59 INFO: [212418] Server: DELETE /api/listings/:id
2026-02-25 16:30:59 INFO: [212418] Server: POST /api/bookings
2026-02-25 16:30:59 INFO: [212418] Server: POST /api/bookings/verify-payment
2026-02-25 16:30:59 INFO: [212418] Server: GET /api/bookings/my-bookings
2026-02-25 16:30:59 INFO: [212418] Server: GET /api/bookings/confirmation/:id
2026-02-25 16:30:59 INFO: [212418] Server: GET /api/bookings/:id/email-preview
2026-02-25 16:30:59 INFO: [212418] Server: GET /api/bookings/:userId
2026-02-25 16:30:59 INFO: [212418] Server: POST /api/bookings/sync-mock
2026-02-25 16:30:59 INFO: [212418] Server: POST /api/orders
2026-02-25 16:30:59 INFO: [212418] Server: GET /api/orders/menu/:listingId
2026-02-25 16:30:59 INFO: [212418] Server: POST /api/orders/menu
2026-02-25 16:30:59 INFO: [212418] Server: GET /api/users/profile
2026-02-25 16:30:59 INFO: [212418] Server: PUT /api/users/profile
2026-02-25 16:30:59 INFO: [212418] Server: POST /api/auth/signup
2026-02-25 16:30:59 INFO: [212418] Server: POST /api/auth/signin
2026-02-25 16:30:59 INFO: [212418] Server: GET /api/auth/verify-email/:token
2026-02-25 16:30:59 INFO: [212418] Server: POST /api/auth/mobile-otp
2026-02-25 16:30:59 INFO: [212418] Server: POST /api/auth/verify-mobile
2026-02-25 16:30:59 INFO: [212418] Server: POST /api/auth/send-email-otp
2026-02-25 16:30:59 INFO: [212418] Server: POST /api/auth/verify-email-otp
2026-02-25 16:31:05 INFO: [212505] Server: Server running in development mode on port 5000
2026-02-25 16:31:05 INFO: [212505] Server: Registered Routes:
2026-02-25 16:31:05 INFO: [212505] Server: GET /
2026-02-25 16:31:05 INFO: [212505] Server: GET /api/categories
2026-02-25 16:31:05 INFO: [212505] Server: POST /api/categories
2026-02-25 16:31:05 INFO: [212505] Server: GET /api/categories/:slug
2026-02-25 16:31:05 INFO: [212505] Server: GET /api/listings
2026-02-25 16:31:05 INFO: [212505] Server: POST /api/listings
2026-02-25 16:31:05 INFO: [212505] Server: GET /api/listings/:id
2026-02-25 16:31:05 INFO: [212505] Server: PUT /api/listings/:id
2026-02-25 16:31:05 INFO: [212505] Server: DELETE /api/listings/:id
2026-02-25 16:31:05 INFO: [212505] Server: POST /api/bookings
2026-02-25 16:31:05 INFO: [212505] Server: POST /api/bookings/verify-payment
2026-02-25 16:31:05 INFO: [212505] Server: GET /api/bookings/my-bookings
2026-02-25 16:31:05 INFO: [212505] Server: GET /api/bookings/confirmation/:id
2026-02-25 16:31:05 INFO: [212505] Server: GET /api/bookings/:id/email-preview
2026-02-25 16:31:05 INFO: [212505] Server: GET /api/bookings/:userId
2026-02-25 16:31:05 INFO: [212505] Server: POST /api/bookings/sync-mock
2026-02-25 16:31:05 INFO: [212505] Server: POST /api/orders
2026-02-25 16:31:05 INFO: [212505] Server: GET /api/orders/menu/:listingId
2026-02-25 16:31:05 INFO: [212505] Server: POST /api/orders/menu
2026-02-25 16:31:05 INFO: [212505] Server: GET /api/users/profile
2026-02-25 16:31:05 INFO: [212505] Server: PUT /api/users/profile
2026-02-25 16:31:05 INFO: [212505] Server: POST /api/auth/signup
2026-02-25 16:31:05 INFO: [212505] Server: POST /api/auth/signin
2026-02-25 16:31:05 INFO: [212505] Server: GET /api/auth/verify-email/:token
2026-02-25 16:31:05 INFO: [212505] Server: POST /api/auth/mobile-otp
2026-02-25 16:31:05 INFO: [212505] Server: POST /api/auth/verify-mobile
2026-02-25 16:31:05 INFO: [212505] Server: POST /api/auth/send-email-otp
2026-02-25 16:31:05 INFO: [212505] Server: POST /api/auth/verify-email-otp
2026-02-25 16:31:07 INFO: [212568] Server: Server running in development mode on port 5000
2026-02-25 16:31:07 INFO: [212568] Server: Registered Routes:
2026-02-25 16:31:07 INFO: [212568] Server: GET /
2026-02-25 16:31:07 INFO: [212568] Server: GET /api/categories
2026-02-25 16:31:07 INFO: [212568] Server: POST /api/categories
2026-02-25 16:31:07 INFO: [212568] Server: GET /api/categories/:slug
2026-02-25 16:31:07 INFO: [212568] Server: GET /api/listings
2026-02-25 16:31:07 INFO: [212568] Server: POST /api/listings
2026-02-25 16:31:07 INFO: [212568] Server: GET /api/listings/:id
2026-02-25 16:31:07 INFO: [212568] Server: PUT /api/listings/:id
2026-02-25 16:31:07 INFO: [212568] Server: DELETE /api/listings/:id
2026-02-25 16:31:07 INFO: [212568] Server: POST /api/bookings
2026-02-25 16:31:07 INFO: [212568] Server: POST /api/bookings/verify-payment
2026-02-25 16:31:07 INFO: [212568] Server: GET /api/bookings/my-bookings
2026-02-25 16:31:07 INFO: [212568] Server: GET /api/bookings/confirmation/:id
2026-02-25 16:31:07 INFO: [212568] Server: GET /api/bookings/:id/email-preview
2026-02-25 16:31:07 INFO: [212568] Server: GET /api/bookings/:userId
2026-02-25 16:31:07 INFO: [212568] Server: POST /api/bookings/sync-mock
2026-02-25 16:31:07 INFO: [212568] Server: POST /api/orders
2026-02-25 16:31:07 INFO: [212568] Server: GET /api/orders/menu/:listingId
2026-02-25 16:31:07 INFO: [212568] Server: POST /api/orders/menu
2026-02-25 16:31:07 INFO: [212568] Server: GET /api/users/profile
2026-02-25 16:31:07 INFO: [212568] Server: PUT /api/users/profile
2026-02-25 16:31:07 INFO: [212568] Server: POST /api/auth/signup
2026-02-25 16:31:07 INFO: [212568] Server: POST /api/auth/signin
2026-02-25 16:31:07 INFO: [212568] Server: GET /api/auth/verify-email/:token
2026-02-25 16:31:07 INFO: [212568] Server: POST /api/auth/mobile-otp
2026-02-25 16:31:07 INFO: [212568] Server: POST /api/auth/verify-mobile
2026-02-25 16:31:07 INFO: [212568] Server: POST /api/auth/send-email-otp
2026-02-25 16:31:07 INFO: [212568] Server: POST /api/auth/verify-email-otp
2026-02-25 16:31:10 INFO: [212619] Server: Server running in development mode on port 5000
2026-02-25 16:31:10 INFO: [212619] Server: Registered Routes:
2026-02-25 16:31:10 INFO: [212619] Server: GET /
2026-02-25 16:31:10 INFO: [212619] Server: GET /api/categories
2026-02-25 16:31:10 INFO: [212619] Server: POST /api/categories
2026-02-25 16:31:10 INFO: [212619] Server: GET /api/categories/:slug
2026-02-25 16:31:10 INFO: [212619] Server: GET /api/listings
2026-02-25 16:31:11 INFO: [212619] Server: POST /api/listings
2026-02-25 16:31:11 INFO: [212619] Server: GET /api/listings/:id
2026-02-25 16:31:11 INFO: [212619] Server: PUT /api/listings/:id
2026-02-25 16:31:11 INFO: [212619] Server: DELETE /api/listings/:id
2026-02-25 16:31:11 INFO: [212619] Server: POST /api/bookings
2026-02-25 16:31:11 INFO: [212619] Server: POST /api/bookings/verify-payment
2026-02-25 16:31:11 INFO: [212619] Server: GET /api/bookings/my-bookings
2026-02-25 16:31:11 INFO: [212619] Server: GET /api/bookings/confirmation/:id
2026-02-25 16:31:11 INFO: [212619] Server: GET /api/bookings/:id/email-preview
2026-02-25 16:31:11 INFO: [212619] Server: GET /api/bookings/:userId
2026-02-25 16:31:11 INFO: [212619] Server: POST /api/bookings/sync-mock
2026-02-25 16:31:11 INFO: [212619] Server: POST /api/orders
2026-02-25 16:31:11 INFO: [212619] Server: GET /api/orders/menu/:listingId
2026-02-25 16:31:11 INFO: [212619] Server: POST /api/orders/menu
2026-02-25 16:31:11 INFO: [212619] Server: GET /api/users/profile
2026-02-25 16:31:11 INFO: [212619] Server: PUT /api/users/profile
2026-02-25 16:31:11 INFO: [212619] Server: POST /api/auth/signup
2026-02-25 16:31:11 INFO: [212619] Server: POST /api/auth/signin
2026-02-25 16:31:11 INFO: [212619] Server: GET /api/auth/verify-email/:token
2026-02-25 16:31:11 INFO: [212619] Server: POST /api/auth/mobile-otp
2026-02-25 16:31:11 INFO: [212619] Server: POST /api/auth/verify-mobile
2026-02-25 16:31:11 INFO: [212619] Server: POST /api/auth/send-email-otp
2026-02-25 16:31:11 INFO: [212619] Server: POST /api/auth/verify-email-otp
2026-02-25 16:31:17 INFO: [212713] Server: Server running in development mode on port 5000
2026-02-25 16:31:17 INFO: [212713] Server: Registered Routes:
2026-02-25 16:31:17 INFO: [212713] Server: GET /
2026-02-25 16:31:17 INFO: [212713] Server: GET /api/categories
2026-02-25 16:31:17 INFO: [212713] Server: POST /api/categories
2026-02-25 16:31:17 INFO: [212713] Server: GET /api/categories/:slug
2026-02-25 16:31:17 INFO: [212713] Server: GET /api/listings
2026-02-25 16:31:17 INFO: [212713] Server: POST /api/listings
2026-02-25 16:31:17 INFO: [212713] Server: GET /api/listings/:id
2026-02-25 16:31:17 INFO: [212713] Server: PUT /api/listings/:id
2026-02-25 16:31:17 INFO: [212713] Server: DELETE /api/listings/:id
2026-02-25 16:31:17 INFO: [212713] Server: POST /api/bookings
2026-02-25 16:31:17 INFO: [212713] Server: POST /api/bookings/verify-payment
2026-02-25 16:31:17 INFO: [212713] Server: GET /api/bookings/my-bookings
2026-02-25 16:31:17 INFO: [212713] Server: GET /api/bookings/confirmation/:id
2026-02-25 16:31:17 INFO: [212713] Server: GET /api/bookings/:id/email-preview
2026-02-25 16:31:17 INFO: [212713] Server: GET /api/bookings/:userId
2026-02-25 16:31:17 INFO: [212713] Server: POST /api/bookings/sync-mock
2026-02-25 16:31:17 INFO: [212713] Server: POST /api/orders
2026-02-25 16:31:17 INFO: [212713] Server: GET /api/orders/menu/:listingId
2026-02-25 16:31:17 INFO: [212713] Server: POST /api/orders/menu
2026-02-25 16:31:17 INFO: [212713] Server: GET /api/users/profile
2026-02-25 16:31:17 INFO: [212713] Server: PUT /api/users/profile
2026-02-25 16:31:17 INFO: [212713] Server: POST /api/auth/signup
2026-02-25 16:31:17 INFO: [212713] Server: POST /api/auth/signin
2026-02-25 16:31:17 INFO: [212713] Server: GET /api/auth/verify-email/:token
2026-02-25 16:31:17 INFO: [212713] Server: POST /api/auth/mobile-otp
2026-02-25 16:31:17 INFO: [212713] Server: POST /api/auth/verify-mobile
2026-02-25 16:31:17 INFO: [212713] Server: POST /api/auth/send-email-otp
2026-02-25 16:31:17 INFO: [212713] Server: POST /api/auth/verify-email-otp
2026-02-25 16:31:19 INFO: [212757] Server: Server running in development mode on port 5000
2026-02-25 16:31:19 INFO: [212757] Server: Registered Routes:
2026-02-25 16:31:19 INFO: [212757] Server: GET /
2026-02-25 16:31:19 INFO: [212757] Server: GET /api/categories
2026-02-25 16:31:19 INFO: [212757] Server: POST /api/categories
2026-02-25 16:31:19 INFO: [212757] Server: GET /api/categories/:slug
2026-02-25 16:31:19 INFO: [212757] Server: GET /api/listings
2026-02-25 16:31:19 INFO: [212757] Server: POST /api/listings
2026-02-25 16:31:19 INFO: [212757] Server: GET /api/listings/:id
2026-02-25 16:31:19 INFO: [212757] Server: PUT /api/listings/:id
2026-02-25 16:31:19 INFO: [212757] Server: DELETE /api/listings/:id
2026-02-25 16:31:19 INFO: [212757] Server: POST /api/bookings
2026-02-25 16:31:19 INFO: [212757] Server: POST /api/bookings/verify-payment
2026-02-25 16:31:19 INFO: [212757] Server: GET /api/bookings/my-bookings
2026-02-25 16:31:19 INFO: [212757] Server: GET /api/bookings/confirmation/:id
2026-02-25 16:31:19 INFO: [212757] Server: GET /api/bookings/:id/email-preview
2026-02-25 16:31:19 INFO: [212757] Server: GET /api/bookings/:userId
2026-02-25 16:31:19 INFO: [212757] Server: POST /api/bookings/sync-mock
2026-02-25 16:31:19 INFO: [212757] Server: POST /api/orders
2026-02-25 16:31:19 INFO: [212757] Server: GET /api/orders/menu/:listingId
2026-02-25 16:31:19 INFO: [212757] Server: POST /api/orders/menu
2026-02-25 16:31:19 INFO: [212757] Server: GET /api/users/profile
2026-02-25 16:31:19 INFO: [212757] Server: PUT /api/users/profile
2026-02-25 16:31:19 INFO: [212757] Server: POST /api/auth/signup
2026-02-25 16:31:19 INFO: [212757] Server: POST /api/auth/signin
2026-02-25 16:31:19 INFO: [212757] Server: GET /api/auth/verify-email/:token
2026-02-25 16:31:19 INFO: [212757] Server: POST /api/auth/mobile-otp
2026-02-25 16:31:19 INFO: [212757] Server: POST /api/auth/verify-mobile
2026-02-25 16:31:19 INFO: [212757] Server: POST /api/auth/send-email-otp
2026-02-25 16:31:19 INFO: [212757] Server: POST /api/auth/verify-email-otp
2026-02-25 16:31:22 INFO: [212829] Server: Server running in development mode on port 5000
2026-02-25 16:31:22 INFO: [212829] Server: Registered Routes:
2026-02-25 16:31:22 INFO: [212829] Server: GET /
2026-02-25 16:31:22 INFO: [212829] Server: GET /api/categories
2026-02-25 16:31:22 INFO: [212829] Server: POST /api/categories
2026-02-25 16:31:22 INFO: [212829] Server: GET /api/categories/:slug
2026-02-25 16:31:22 INFO: [212829] Server: GET /api/listings
2026-02-25 16:31:22 INFO: [212829] Server: POST /api/listings
2026-02-25 16:31:22 INFO: [212829] Server: GET /api/listings/:id
2026-02-25 16:31:22 INFO: [212829] Server: PUT /api/listings/:id
2026-02-25 16:31:22 INFO: [212829] Server: DELETE /api/listings/:id
2026-02-25 16:31:22 INFO: [212829] Server: POST /api/bookings
2026-02-25 16:31:22 INFO: [212829] Server: POST /api/bookings/verify-payment
2026-02-25 16:31:22 INFO: [212829] Server: GET /api/bookings/my-bookings
2026-02-25 16:31:22 INFO: [212829] Server: GET /api/bookings/confirmation/:id
2026-02-25 16:31:22 INFO: [212829] Server: GET /api/bookings/:id/email-preview
2026-02-25 16:31:22 INFO: [212829] Server: GET /api/bookings/:userId
2026-02-25 16:31:22 INFO: [212829] Server: POST /api/bookings/sync-mock
2026-02-25 16:31:22 INFO: [212829] Server: POST /api/orders
2026-02-25 16:31:22 INFO: [212829] Server: GET /api/orders/menu/:listingId
2026-02-25 16:31:22 INFO: [212829] Server: POST /api/orders/menu
2026-02-25 16:31:22 INFO: [212829] Server: GET /api/users/profile
2026-02-25 16:31:22 INFO: [212829] Server: PUT /api/users/profile
2026-02-25 16:31:22 INFO: [212829] Server: POST /api/auth/signup
2026-02-25 16:31:22 INFO: [212829] Server: POST /api/auth/signin
2026-02-25 16:31:22 INFO: [212829] Server: GET /api/auth/verify-email/:token
2026-02-25 16:31:22 INFO: [212829] Server: POST /api/auth/mobile-otp
2026-02-25 16:31:22 INFO: [212829] Server: POST /api/auth/verify-mobile
2026-02-25 16:31:22 INFO: [212829] Server: POST /api/auth/send-email-otp
2026-02-25 16:31:22 INFO: [212829] Server: POST /api/auth/verify-email-otp
2026-02-25 16:31:25 INFO: [212865] Server: Server running in development mode on port 5000
2026-02-25 16:31:25 INFO: [212865] Server: Registered Routes:
2026-02-25 16:31:25 INFO: [212865] Server: GET /
2026-02-25 16:31:25 INFO: [212865] Server: GET /api/categories
2026-02-25 16:31:25 INFO: [212865] Server: POST /api/categories
2026-02-25 16:31:25 INFO: [212865] Server: GET /api/categories/:slug
2026-02-25 16:31:25 INFO: [212865] Server: GET /api/listings
2026-02-25 16:31:25 INFO: [212865] Server: POST /api/listings
2026-02-25 16:31:25 INFO: [212865] Server: GET /api/listings/:id
2026-02-25 16:31:25 INFO: [212865] Server: PUT /api/listings/:id
2026-02-25 16:31:25 INFO: [212865] Server: DELETE /api/listings/:id
2026-02-25 16:31:25 INFO: [212865] Server: POST /api/bookings
2026-02-25 16:31:25 INFO: [212865] Server: POST /api/bookings/verify-payment
2026-02-25 16:31:25 INFO: [212865] Server: GET /api/bookings/my-bookings
2026-02-25 16:31:25 INFO: [212865] Server: GET /api/bookings/confirmation/:id
2026-02-25 16:31:25 INFO: [212865] Server: GET /api/bookings/:id/email-preview
2026-02-25 16:31:25 INFO: [212865] Server: GET /api/bookings/:userId
2026-02-25 16:31:25 INFO: [212865] Server: POST /api/bookings/sync-mock
2026-02-25 16:31:25 INFO: [212865] Server: POST /api/orders
2026-02-25 16:31:25 INFO: [212865] Server: GET /api/orders/menu/:listingId
2026-02-25 16:31:25 INFO: [212865] Server: POST /api/orders/menu
2026-02-25 16:31:25 INFO: [212865] Server: GET /api/users/profile
2026-02-25 16:31:25 INFO: [212865] Server: PUT /api/users/profile
2026-02-25 16:31:25 INFO: [212865] Server: POST /api/auth/signup
2026-02-25 16:31:25 INFO: [212865] Server: POST /api/auth/signin
2026-02-25 16:31:25 INFO: [212865] Server: GET /api/auth/verify-email/:token
2026-02-25 16:31:25 INFO: [212865] Server: POST /api/auth/mobile-otp
2026-02-25 16:31:25 INFO: [212865] Server: POST /api/auth/verify-mobile
2026-02-25 16:31:25 INFO: [212865] Server: POST /api/auth/send-email-otp
2026-02-25 16:31:25 INFO: [212865] Server: POST /api/auth/verify-email-otp
2026-02-25 16:31:29 INFO: [212936] Server: Server running in development mode on port 5000
2026-02-25 16:31:29 INFO: [212936] Server: Registered Routes:
2026-02-25 16:31:29 INFO: [212936] Server: GET /
2026-02-25 16:31:29 INFO: [212936] Server: GET /api/categories
2026-02-25 16:31:29 INFO: [212936] Server: POST /api/categories
2026-02-25 16:31:29 INFO: [212936] Server: GET /api/categories/:slug
2026-02-25 16:31:29 INFO: [212936] Server: GET /api/listings
2026-02-25 16:31:29 INFO: [212936] Server: POST /api/listings
2026-02-25 16:31:29 INFO: [212936] Server: GET /api/listings/:id
2026-02-25 16:31:29 INFO: [212936] Server: PUT /api/listings/:id
2026-02-25 16:31:29 INFO: [212936] Server: DELETE /api/listings/:id
2026-02-25 16:31:29 INFO: [212936] Server: POST /api/bookings
2026-02-25 16:31:29 INFO: [212936] Server: POST /api/bookings/verify-payment
2026-02-25 16:31:29 INFO: [212936] Server: GET /api/bookings/my-bookings
2026-02-25 16:31:29 INFO: [212936] Server: GET /api/bookings/confirmation/:id
2026-02-25 16:31:29 INFO: [212936] Server: GET /api/bookings/:id/email-preview
2026-02-25 16:31:29 INFO: [212936] Server: GET /api/bookings/:userId
2026-02-25 16:31:29 INFO: [212936] Server: POST /api/bookings/sync-mock
2026-02-25 16:31:29 INFO: [212936] Server: POST /api/orders
2026-02-25 16:31:29 INFO: [212936] Server: GET /api/orders/menu/:listingId
2026-02-25 16:31:29 INFO: [212936] Server: POST /api/orders/menu
2026-02-25 16:31:29 INFO: [212936] Server: GET /api/users/profile
2026-02-25 16:31:29 INFO: [212936] Server: PUT /api/users/profile
2026-02-25 16:31:29 INFO: [212936] Server: POST /api/auth/signup
2026-02-25 16:31:29 INFO: [212936] Server: POST /api/auth/signin
2026-02-25 16:31:29 INFO: [212936] Server: GET /api/auth/verify-email/:token
2026-02-25 16:31:29 INFO: [212936] Server: POST /api/auth/mobile-otp
2026-02-25 16:31:29 INFO: [212936] Server: POST /api/auth/verify-mobile
2026-02-25 16:31:29 INFO: [212936] Server: POST /api/auth/send-email-otp
2026-02-25 16:31:29 INFO: [212936] Server: POST /api/auth/verify-email-otp
2026-02-25 16:31:32 INFO: [213007] Server: Server running in development mode on port 5000
2026-02-25 16:31:32 INFO: [213007] Server: Registered Routes:
2026-02-25 16:31:32 INFO: [213007] Server: GET /
2026-02-25 16:31:32 INFO: [213007] Server: GET /api/categories
2026-02-25 16:31:32 INFO: [213007] Server: POST /api/categories
2026-02-25 16:31:32 INFO: [213007] Server: GET /api/categories/:slug
2026-02-25 16:31:32 INFO: [213007] Server: GET /api/listings
2026-02-25 16:31:32 INFO: [213007] Server: POST /api/listings
2026-02-25 16:31:32 INFO: [213007] Server: GET /api/listings/:id
2026-02-25 16:31:32 INFO: [213007] Server: PUT /api/listings/:id
2026-02-25 16:31:32 INFO: [213007] Server: DELETE /api/listings/:id
2026-02-25 16:31:32 INFO: [213007] Server: POST /api/bookings
2026-02-25 16:31:32 INFO: [213007] Server: POST /api/bookings/verify-payment
2026-02-25 16:31:32 INFO: [213007] Server: GET /api/bookings/my-bookings
2026-02-25 16:31:32 INFO: [213007] Server: GET /api/bookings/confirmation/:id
2026-02-25 16:31:32 INFO: [213007] Server: GET /api/bookings/:id/email-preview
2026-02-25 16:31:32 INFO: [213007] Server: GET /api/bookings/:userId
2026-02-25 16:31:32 INFO: [213007] Server: POST /api/bookings/sync-mock
2026-02-25 16:31:32 INFO: [213007] Server: POST /api/orders
2026-02-25 16:31:32 INFO: [213007] Server: GET /api/orders/menu/:listingId
2026-02-25 16:31:32 INFO: [213007] Server: POST /api/orders/menu
2026-02-25 16:31:32 INFO: [213007] Server: GET /api/users/profile
2026-02-25 16:31:32 INFO: [213007] Server: PUT /api/users/profile
2026-02-25 16:31:32 INFO: [213007] Server: POST /api/auth/signup
2026-02-25 16:31:32 INFO: [213007] Server: POST /api/auth/signin
2026-02-25 16:31:32 INFO: [213007] Server: GET /api/auth/verify-email/:token
2026-02-25 16:31:32 INFO: [213007] Server: POST /api/auth/mobile-otp
2026-02-25 16:31:32 INFO: [213007] Server: POST /api/auth/verify-mobile
2026-02-25 16:31:32 INFO: [213007] Server: POST /api/auth/send-email-otp
2026-02-25 16:31:32 INFO: [213007] Server: POST /api/auth/verify-email-otp
2026-02-25 16:31:35 INFO: [213056] Server: Server running in development mode on port 5000
2026-02-25 16:31:35 INFO: [213056] Server: Registered Routes:
2026-02-25 16:31:35 INFO: [213056] Server: GET /
2026-02-25 16:31:35 INFO: [213056] Server: GET /api/categories
2026-02-25 16:31:35 INFO: [213056] Server: POST /api/categories
2026-02-25 16:31:35 INFO: [213056] Server: GET /api/categories/:slug
2026-02-25 16:31:35 INFO: [213056] Server: GET /api/listings
2026-02-25 16:31:35 INFO: [213056] Server: POST /api/listings
2026-02-25 16:31:35 INFO: [213056] Server: GET /api/listings/:id
2026-02-25 16:31:35 INFO: [213056] Server: PUT /api/listings/:id
2026-02-25 16:31:35 INFO: [213056] Server: DELETE /api/listings/:id
2026-02-25 16:31:35 INFO: [213056] Server: POST /api/bookings
2026-02-25 16:31:35 INFO: [213056] Server: POST /api/bookings/verify-payment
2026-02-25 16:31:35 INFO: [213056] Server: GET /api/bookings/my-bookings
2026-02-25 16:31:35 INFO: [213056] Server: GET /api/bookings/confirmation/:id
2026-02-25 16:31:35 INFO: [213056] Server: GET /api/bookings/:id/email-preview
2026-02-25 16:31:35 INFO: [213056] Server: GET /api/bookings/:userId
2026-02-25 16:31:35 INFO: [213056] Server: POST /api/bookings/sync-mock
2026-02-25 16:31:35 INFO: [213056] Server: POST /api/orders
2026-02-25 16:31:35 INFO: [213056] Server: GET /api/orders/menu/:listingId
2026-02-25 16:31:35 INFO: [213056] Server: POST /api/orders/menu
2026-02-25 16:31:35 INFO: [213056] Server: GET /api/users/profile
2026-02-25 16:31:35 INFO: [213056] Server: PUT /api/users/profile
2026-02-25 16:31:35 INFO: [213056] Server: POST /api/auth/signup
2026-02-25 16:31:35 INFO: [213056] Server: POST /api/auth/signin
2026-02-25 16:31:35 INFO: [213056] Server: GET /api/auth/verify-email/:token
2026-02-25 16:31:35 INFO: [213056] Server: POST /api/auth/mobile-otp
2026-02-25 16:31:35 INFO: [213056] Server: POST /api/auth/verify-mobile
2026-02-25 16:31:35 INFO: [213056] Server: POST /api/auth/send-email-otp
2026-02-25 16:31:35 INFO: [213056] Server: POST /api/auth/verify-email-otp
2026-02-25 16:31:38 INFO: [213103] Server: Server running in development mode on port 5000
2026-02-25 16:31:38 INFO: [213103] Server: Registered Routes:
2026-02-25 16:31:38 INFO: [213103] Server: GET /
2026-02-25 16:31:38 INFO: [213103] Server: GET /api/categories
2026-02-25 16:31:38 INFO: [213103] Server: POST /api/categories
2026-02-25 16:31:38 INFO: [213103] Server: GET /api/categories/:slug
2026-02-25 16:31:38 INFO: [213103] Server: GET /api/listings
2026-02-25 16:31:38 INFO: [213103] Server: POST /api/listings
2026-02-25 16:31:38 INFO: [213103] Server: GET /api/listings/:id
2026-02-25 16:31:38 INFO: [213103] Server: PUT /api/listings/:id
2026-02-25 16:31:38 INFO: [213103] Server: DELETE /api/listings/:id
2026-02-25 16:31:38 INFO: [213103] Server: POST /api/bookings
2026-02-25 16:31:38 INFO: [213103] Server: POST /api/bookings/verify-payment
2026-02-25 16:31:38 INFO: [213103] Server: GET /api/bookings/my-bookings
2026-02-25 16:31:38 INFO: [213103] Server: GET /api/bookings/confirmation/:id
2026-02-25 16:31:38 INFO: [213103] Server: GET /api/bookings/:id/email-preview
2026-02-25 16:31:38 INFO: [213103] Server: GET /api/bookings/:userId
2026-02-25 16:31:38 INFO: [213103] Server: POST /api/bookings/sync-mock
2026-02-25 16:31:38 INFO: [213103] Server: POST /api/orders
2026-02-25 16:31:38 INFO: [213103] Server: GET /api/orders/menu/:listingId
2026-02-25 16:31:38 INFO: [213103] Server: POST /api/orders/menu
2026-02-25 16:31:38 INFO: [213103] Server: GET /api/users/profile
2026-02-25 16:31:38 INFO: [213103] Server: PUT /api/users/profile
2026-02-25 16:31:38 INFO: [213103] Server: POST /api/auth/signup
2026-02-25 16:31:38 INFO: [213103] Server: POST /api/auth/signin
2026-02-25 16:31:38 INFO: [213103] Server: GET /api/auth/verify-email/:token
2026-02-25 16:31:38 INFO: [213103] Server: POST /api/auth/mobile-otp
2026-02-25 16:31:38 INFO: [213103] Server: POST /api/auth/verify-mobile
2026-02-25 16:31:38 INFO: [213103] Server: POST /api/auth/send-email-otp
2026-02-25 16:31:38 INFO: [213103] Server: POST /api/auth/verify-email-otp
2026-02-25 16:31:42 INFO: [213176] Server: Server running in development mode on port 5000
2026-02-25 16:31:42 INFO: [213176] Server: Registered Routes:
2026-02-25 16:31:42 INFO: [213176] Server: GET /
2026-02-25 16:31:42 INFO: [213176] Server: GET /api/categories
2026-02-25 16:31:42 INFO: [213176] Server: POST /api/categories
2026-02-25 16:31:42 INFO: [213176] Server: GET /api/categories/:slug
2026-02-25 16:31:42 INFO: [213176] Server: GET /api/listings
2026-02-25 16:31:42 INFO: [213176] Server: POST /api/listings
2026-02-25 16:31:42 INFO: [213176] Server: GET /api/listings/:id
2026-02-25 16:31:42 INFO: [213176] Server: PUT /api/listings/:id
2026-02-25 16:31:42 INFO: [213176] Server: DELETE /api/listings/:id
2026-02-25 16:31:42 INFO: [213176] Server: POST /api/bookings
2026-02-25 16:31:42 INFO: [213176] Server: POST /api/bookings/verify-payment
2026-02-25 16:31:42 INFO: [213176] Server: GET /api/bookings/my-bookings
2026-02-25 16:31:42 INFO: [213176] Server: GET /api/bookings/confirmation/:id
2026-02-25 16:31:42 INFO: [213176] Server: GET /api/bookings/:id/email-preview
2026-02-25 16:31:42 INFO: [213176] Server: GET /api/bookings/:userId
2026-02-25 16:31:42 INFO: [213176] Server: POST /api/bookings/sync-mock
2026-02-25 16:31:42 INFO: [213176] Server: POST /api/orders
2026-02-25 16:31:42 INFO: [213176] Server: GET /api/orders/menu/:listingId
2026-02-25 16:31:42 INFO: [213176] Server: POST /api/orders/menu
2026-02-25 16:31:42 INFO: [213176] Server: GET /api/users/profile
2026-02-25 16:31:42 INFO: [213176] Server: PUT /api/users/profile
2026-02-25 16:31:42 INFO: [213176] Server: POST /api/auth/signup
2026-02-25 16:31:42 INFO: [213176] Server: POST /api/auth/signin
2026-02-25 16:31:42 INFO: [213176] Server: GET /api/auth/verify-email/:token
2026-02-25 16:31:42 INFO: [213176] Server: POST /api/auth/mobile-otp
2026-02-25 16:31:42 INFO: [213176] Server: POST /api/auth/verify-mobile
2026-02-25 16:31:42 INFO: [213176] Server: POST /api/auth/send-email-otp
2026-02-25 16:31:42 INFO: [213176] Server: POST /api/auth/verify-email-otp
2026-02-25 16:31:45 INFO: [213238] Server: Server running in development mode on port 5000
2026-02-25 16:31:45 INFO: [213238] Server: Registered Routes:
2026-02-25 16:31:45 INFO: [213238] Server: GET /
2026-02-25 16:31:45 INFO: [213238] Server: GET /api/categories
2026-02-25 16:31:45 INFO: [213238] Server: POST /api/categories
2026-02-25 16:31:45 INFO: [213238] Server: GET /api/categories/:slug
2026-02-25 16:31:45 INFO: [213238] Server: GET /api/listings
2026-02-25 16:31:45 INFO: [213238] Server: POST /api/listings
2026-02-25 16:31:45 INFO: [213238] Server: GET /api/listings/:id
2026-02-25 16:31:45 INFO: [213238] Server: PUT /api/listings/:id
2026-02-25 16:31:45 INFO: [213238] Server: DELETE /api/listings/:id
2026-02-25 16:31:45 INFO: [213238] Server: POST /api/bookings
2026-02-25 16:31:45 INFO: [213238] Server: POST /api/bookings/verify-payment
2026-02-25 16:31:45 INFO: [213238] Server: GET /api/bookings/my-bookings
2026-02-25 16:31:45 INFO: [213238] Server: GET /api/bookings/confirmation/:id
2026-02-25 16:31:45 INFO: [213238] Server: GET /api/bookings/:id/email-preview
2026-02-25 16:31:45 INFO: [213238] Server: GET /api/bookings/:userId
2026-02-25 16:31:45 INFO: [213238] Server: POST /api/bookings/sync-mock
2026-02-25 16:31:45 INFO: [213238] Server: POST /api/orders
2026-02-25 16:31:45 INFO: [213238] Server: GET /api/orders/menu/:listingId
2026-02-25 16:31:45 INFO: [213238] Server: POST /api/orders/menu
2026-02-25 16:31:45 INFO: [213238] Server: GET /api/users/profile
2026-02-25 16:31:46 INFO: [213238] Server: PUT /api/users/profile
2026-02-25 16:31:46 INFO: [213238] Server: POST /api/auth/signup
2026-02-25 16:31:46 INFO: [213238] Server: POST /api/auth/signin
2026-02-25 16:31:46 INFO: [213238] Server: GET /api/auth/verify-email/:token
2026-02-25 16:31:46 INFO: [213238] Server: POST /api/auth/mobile-otp
2026-02-25 16:31:46 INFO: [213238] Server: POST /api/auth/verify-mobile
2026-02-25 16:31:46 INFO: [213238] Server: POST /api/auth/send-email-otp
2026-02-25 16:31:46 INFO: [213238] Server: POST /api/auth/verify-email-otp
2026-02-25 16:31:47 INFO: [213292] Server: Server running in development mode on port 5000
2026-02-25 16:31:47 INFO: [213292] Server: Registered Routes:
2026-02-25 16:31:47 INFO: [213292] Server: GET /
2026-02-25 16:31:47 INFO: [213292] Server: GET /api/categories
2026-02-25 16:31:47 INFO: [213292] Server: POST /api/categories
2026-02-25 16:31:47 INFO: [213292] Server: GET /api/categories/:slug
2026-02-25 16:31:47 INFO: [213292] Server: GET /api/listings
2026-02-25 16:31:47 INFO: [213292] Server: POST /api/listings
2026-02-25 16:31:47 INFO: [213292] Server: GET /api/listings/:id
2026-02-25 16:31:47 INFO: [213292] Server: PUT /api/listings/:id
2026-02-25 16:31:47 INFO: [213292] Server: DELETE /api/listings/:id
2026-02-25 16:31:47 INFO: [213292] Server: POST /api/bookings
2026-02-25 16:31:47 INFO: [213292] Server: POST /api/bookings/verify-payment
2026-02-25 16:31:47 INFO: [213292] Server: GET /api/bookings/my-bookings
2026-02-25 16:31:47 INFO: [213292] Server: GET /api/bookings/confirmation/:id
2026-02-25 16:31:47 INFO: [213292] Server: GET /api/bookings/:id/email-preview
2026-02-25 16:31:47 INFO: [213292] Server: GET /api/bookings/:userId
2026-02-25 16:31:47 INFO: [213292] Server: POST /api/bookings/sync-mock
2026-02-25 16:31:47 INFO: [213292] Server: POST /api/orders
2026-02-25 16:31:47 INFO: [213292] Server: GET /api/orders/menu/:listingId
2026-02-25 16:31:47 INFO: [213292] Server: POST /api/orders/menu
2026-02-25 16:31:47 INFO: [213292] Server: GET /api/users/profile
2026-02-25 16:31:47 INFO: [213292] Server: PUT /api/users/profile
2026-02-25 16:31:47 INFO: [213292] Server: POST /api/auth/signup
2026-02-25 16:31:47 INFO: [213292] Server: POST /api/auth/signin
2026-02-25 16:31:47 INFO: [213292] Server: GET /api/auth/verify-email/:token
2026-02-25 16:31:47 INFO: [213292] Server: POST /api/auth/mobile-otp
2026-02-25 16:31:47 INFO: [213292] Server: POST /api/auth/verify-mobile
2026-02-25 16:31:47 INFO: [213292] Server: POST /api/auth/send-email-otp
2026-02-25 16:31:47 INFO: [213292] Server: POST /api/auth/verify-email-otp
2026-02-25 16:32:59 INFO: [213717] Server: Server running in development mode on port 5000
2026-02-25 16:32:59 INFO: [213717] Server: Registered Routes:
2026-02-25 16:32:59 INFO: [213717] Server: GET /
2026-02-25 16:32:59 INFO: [213717] Server: GET /api/categories
2026-02-25 16:32:59 INFO: [213717] Server: POST /api/categories
2026-02-25 16:32:59 INFO: [213717] Server: GET /api/categories/:slug
2026-02-25 16:32:59 INFO: [213717] Server: GET /api/listings
2026-02-25 16:32:59 INFO: [213717] Server: POST /api/listings
2026-02-25 16:32:59 INFO: [213717] Server: GET /api/listings/:id
2026-02-25 16:32:59 INFO: [213717] Server: PUT /api/listings/:id
2026-02-25 16:32:59 INFO: [213717] Server: DELETE /api/listings/:id
2026-02-25 16:32:59 INFO: [213717] Server: POST /api/bookings
2026-02-25 16:32:59 INFO: [213717] Server: POST /api/bookings/verify-payment
2026-02-25 16:32:59 INFO: [213717] Server: GET /api/bookings/my-bookings
2026-02-25 16:32:59 INFO: [213717] Server: GET /api/bookings/confirmation/:id
2026-02-25 16:32:59 INFO: [213717] Server: GET /api/bookings/:id/email-preview
2026-02-25 16:32:59 INFO: [213717] Server: GET /api/bookings/:userId
2026-02-25 16:32:59 INFO: [213717] Server: POST /api/bookings/sync-mock
2026-02-25 16:32:59 INFO: [213717] Server: POST /api/orders
2026-02-25 16:32:59 INFO: [213717] Server: GET /api/orders/menu/:listingId
2026-02-25 16:32:59 INFO: [213717] Server: POST /api/orders/menu
2026-02-25 16:32:59 INFO: [213717] Server: GET /api/users/profile
2026-02-25 16:32:59 INFO: [213717] Server: PUT /api/users/profile
2026-02-25 16:32:59 INFO: [213717] Server: POST /api/auth/signup
2026-02-25 16:32:59 INFO: [213717] Server: POST /api/auth/signin
2026-02-25 16:32:59 INFO: [213717] Server: GET /api/auth/verify-email/:token
2026-02-25 16:32:59 INFO: [213717] Server: POST /api/auth/mobile-otp
2026-02-25 16:32:59 INFO: [213717] Server: POST /api/auth/verify-mobile
2026-02-25 16:32:59 INFO: [213717] Server: POST /api/auth/send-email-otp
2026-02-25 16:32:59 INFO: [213717] Server: POST /api/auth/verify-email-otp
2026-02-25 16:33:02 INFO: [213787] Server: Server running in development mode on port 5000
2026-02-25 16:33:02 INFO: [213787] Server: Registered Routes:
2026-02-25 16:33:02 INFO: [213787] Server: GET /
2026-02-25 16:33:02 INFO: [213787] Server: GET /api/categories
2026-02-25 16:33:02 INFO: [213787] Server: POST /api/categories
2026-02-25 16:33:02 INFO: [213787] Server: GET /api/categories/:slug
2026-02-25 16:33:02 INFO: [213787] Server: GET /api/listings
2026-02-25 16:33:02 INFO: [213787] Server: POST /api/listings
2026-02-25 16:33:02 INFO: [213787] Server: GET /api/listings/:id
2026-02-25 16:33:02 INFO: [213787] Server: PUT /api/listings/:id
2026-02-25 16:33:02 INFO: [213787] Server: DELETE /api/listings/:id
2026-02-25 16:33:02 INFO: [213787] Server: POST /api/bookings
2026-02-25 16:33:02 INFO: [213787] Server: POST /api/bookings/verify-payment
2026-02-25 16:33:02 INFO: [213787] Server: GET /api/bookings/my-bookings
2026-02-25 16:33:02 INFO: [213787] Server: GET /api/bookings/confirmation/:id
2026-02-25 16:33:02 INFO: [213787] Server: GET /api/bookings/:id/email-preview
2026-02-25 16:33:02 INFO: [213787] Server: GET /api/bookings/:userId
2026-02-25 16:33:02 INFO: [213787] Server: POST /api/bookings/sync-mock
2026-02-25 16:33:02 INFO: [213787] Server: POST /api/orders
2026-02-25 16:33:02 INFO: [213787] Server: GET /api/orders/menu/:listingId
2026-02-25 16:33:02 INFO: [213787] Server: POST /api/orders/menu
2026-02-25 16:33:02 INFO: [213787] Server: GET /api/users/profile
2026-02-25 16:33:02 INFO: [213787] Server: PUT /api/users/profile
2026-02-25 16:33:02 INFO: [213787] Server: POST /api/auth/signup
2026-02-25 16:33:02 INFO: [213787] Server: POST /api/auth/signin
2026-02-25 16:33:02 INFO: [213787] Server: GET /api/auth/verify-email/:token
2026-02-25 16:33:02 INFO: [213787] Server: POST /api/auth/mobile-otp
2026-02-25 16:33:02 INFO: [213787] Server: POST /api/auth/verify-mobile
2026-02-25 16:33:02 INFO: [213787] Server: POST /api/auth/send-email-otp
2026-02-25 16:33:02 INFO: [213787] Server: POST /api/auth/verify-email-otp
2026-02-25 16:33:04 INFO: [213822] Server: Server running in development mode on port 5000
2026-02-25 16:33:04 INFO: [213822] Server: Registered Routes:
2026-02-25 16:33:04 INFO: [213822] Server: GET /
2026-02-25 16:33:04 INFO: [213822] Server: GET /api/categories
2026-02-25 16:33:04 INFO: [213822] Server: POST /api/categories
2026-02-25 16:33:04 INFO: [213822] Server: GET /api/categories/:slug
2026-02-25 16:33:04 INFO: [213822] Server: GET /api/listings
2026-02-25 16:33:04 INFO: [213822] Server: POST /api/listings
2026-02-25 16:33:04 INFO: [213822] Server: GET /api/listings/:id
2026-02-25 16:33:04 INFO: [213822] Server: PUT /api/listings/:id
2026-02-25 16:33:04 INFO: [213822] Server: DELETE /api/listings/:id
2026-02-25 16:33:04 INFO: [213822] Server: POST /api/bookings
2026-02-25 16:33:04 INFO: [213822] Server: POST /api/bookings/verify-payment
2026-02-25 16:33:04 INFO: [213822] Server: GET /api/bookings/my-bookings
2026-02-25 16:33:04 INFO: [213822] Server: GET /api/bookings/confirmation/:id
2026-02-25 16:33:04 INFO: [213822] Server: GET /api/bookings/:id/email-preview
2026-02-25 16:33:04 INFO: [213822] Server: GET /api/bookings/:userId
2026-02-25 16:33:04 INFO: [213822] Server: POST /api/bookings/sync-mock
2026-02-25 16:33:04 INFO: [213822] Server: POST /api/orders
2026-02-25 16:33:04 INFO: [213822] Server: GET /api/orders/menu/:listingId
2026-02-25 16:33:04 INFO: [213822] Server: POST /api/orders/menu
2026-02-25 16:33:04 INFO: [213822] Server: GET /api/users/profile
2026-02-25 16:33:04 INFO: [213822] Server: PUT /api/users/profile
2026-02-25 16:33:04 INFO: [213822] Server: POST /api/auth/signup
2026-02-25 16:33:04 INFO: [213822] Server: POST /api/auth/signin
2026-02-25 16:33:04 INFO: [213822] Server: GET /api/auth/verify-email/:token
2026-02-25 16:33:04 INFO: [213822] Server: POST /api/auth/mobile-otp
2026-02-25 16:33:04 INFO: [213822] Server: POST /api/auth/verify-mobile
2026-02-25 16:33:04 INFO: [213822] Server: POST /api/auth/send-email-otp
2026-02-25 16:33:04 INFO: [213822] Server: POST /api/auth/verify-email-otp
2026-02-25 16:33:16 INFO: [213952] Server: Server running in development mode on port 5000
2026-02-25 16:33:16 INFO: [213952] Server: Registered Routes:
2026-02-25 16:33:16 INFO: [213952] Server: GET /
2026-02-25 16:33:16 INFO: [213952] Server: GET /api/categories
2026-02-25 16:33:16 INFO: [213952] Server: POST /api/categories
2026-02-25 16:33:16 INFO: [213952] Server: GET /api/categories/:slug
2026-02-25 16:33:16 INFO: [213952] Server: GET /api/listings
2026-02-25 16:33:16 INFO: [213952] Server: POST /api/listings
2026-02-25 16:33:16 INFO: [213952] Server: GET /api/listings/:id
2026-02-25 16:33:16 INFO: [213952] Server: PUT /api/listings/:id
2026-02-25 16:33:16 INFO: [213952] Server: DELETE /api/listings/:id
2026-02-25 16:33:16 INFO: [213952] Server: POST /api/bookings
2026-02-25 16:33:16 INFO: [213952] Server: POST /api/bookings/verify-payment
2026-02-25 16:33:16 INFO: [213952] Server: GET /api/bookings/my-bookings
2026-02-25 16:33:16 INFO: [213952] Server: GET /api/bookings/confirmation/:id
2026-02-25 16:33:16 INFO: [213952] Server: GET /api/bookings/:id/email-preview
2026-02-25 16:33:16 INFO: [213952] Server: GET /api/bookings/:userId
2026-02-25 16:33:16 INFO: [213952] Server: POST /api/bookings/sync-mock
2026-02-25 16:33:16 INFO: [213952] Server: POST /api/orders
2026-02-25 16:33:16 INFO: [213952] Server: GET /api/orders/menu/:listingId
2026-02-25 16:33:16 INFO: [213952] Server: POST /api/orders/menu
2026-02-25 16:33:16 INFO: [213952] Server: GET /api/users/profile
2026-02-25 16:33:16 INFO: [213952] Server: PUT /api/users/profile
2026-02-25 16:33:16 INFO: [213952] Server: POST /api/auth/signup
2026-02-25 16:33:16 INFO: [213952] Server: POST /api/auth/signin
2026-02-25 16:33:16 INFO: [213952] Server: GET /api/auth/verify-email/:token
2026-02-25 16:33:16 INFO: [213952] Server: POST /api/auth/mobile-otp
2026-02-25 16:33:16 INFO: [213952] Server: POST /api/auth/verify-mobile
2026-02-25 16:33:16 INFO: [213952] Server: POST /api/auth/send-email-otp
2026-02-25 16:33:16 INFO: [213952] Server: POST /api/auth/verify-email-otp
2026-02-25 16:33:18 INFO: [214012] Server: Server running in development mode on port 5000
2026-02-25 16:33:18 INFO: [214012] Server: Registered Routes:
2026-02-25 16:33:18 INFO: [214012] Server: GET /
2026-02-25 16:33:18 INFO: [214012] Server: GET /api/categories
2026-02-25 16:33:18 INFO: [214012] Server: POST /api/categories
2026-02-25 16:33:18 INFO: [214012] Server: GET /api/categories/:slug
2026-02-25 16:33:18 INFO: [214012] Server: GET /api/listings
2026-02-25 16:33:18 INFO: [214012] Server: POST /api/listings
2026-02-25 16:33:18 INFO: [214012] Server: GET /api/listings/:id
2026-02-25 16:33:18 INFO: [214012] Server: PUT /api/listings/:id
2026-02-25 16:33:18 INFO: [214012] Server: DELETE /api/listings/:id
2026-02-25 16:33:18 INFO: [214012] Server: POST /api/bookings
2026-02-25 16:33:18 INFO: [214012] Server: POST /api/bookings/verify-payment
2026-02-25 16:33:18 INFO: [214012] Server: GET /api/bookings/my-bookings
2026-02-25 16:33:18 INFO: [214012] Server: GET /api/bookings/confirmation/:id
2026-02-25 16:33:18 INFO: [214012] Server: GET /api/bookings/:id/email-preview
2026-02-25 16:33:18 INFO: [214012] Server: GET /api/bookings/:userId
2026-02-25 16:33:18 INFO: [214012] Server: POST /api/bookings/sync-mock
2026-02-25 16:33:18 INFO: [214012] Server: POST /api/orders
2026-02-25 16:33:18 INFO: [214012] Server: GET /api/orders/menu/:listingId
2026-02-25 16:33:18 INFO: [214012] Server: POST /api/orders/menu
2026-02-25 16:33:18 INFO: [214012] Server: GET /api/users/profile
2026-02-25 16:33:18 INFO: [214012] Server: PUT /api/users/profile
2026-02-25 16:33:18 INFO: [214012] Server: POST /api/auth/signup
2026-02-25 16:33:18 INFO: [214012] Server: POST /api/auth/signin
2026-02-25 16:33:18 INFO: [214012] Server: GET /api/auth/verify-email/:token
2026-02-25 16:33:18 INFO: [214012] Server: POST /api/auth/mobile-otp
2026-02-25 16:33:18 INFO: [214012] Server: POST /api/auth/verify-mobile
2026-02-25 16:33:18 INFO: [214012] Server: POST /api/auth/send-email-otp
2026-02-25 16:33:18 INFO: [214012] Server: POST /api/auth/verify-email-otp
2026-02-25 16:33:53 INFO: [214332] Server: Server running in development mode on port 5000
2026-02-25 16:33:53 INFO: [214332] Server: Registered Routes:
2026-02-25 16:33:53 INFO: [214332] Server: GET /
2026-02-25 16:33:53 INFO: [214332] Server: GET /api/categories
2026-02-25 16:33:53 INFO: [214332] Server: POST /api/categories
2026-02-25 16:33:53 INFO: [214332] Server: GET /api/categories/:slug
2026-02-25 16:33:53 INFO: [214332] Server: GET /api/listings
2026-02-25 16:33:53 INFO: [214332] Server: POST /api/listings
2026-02-25 16:33:53 INFO: [214332] Server: GET /api/listings/:id
2026-02-25 16:33:53 INFO: [214332] Server: PUT /api/listings/:id
2026-02-25 16:33:53 INFO: [214332] Server: DELETE /api/listings/:id
2026-02-25 16:33:53 INFO: [214332] Server: POST /api/bookings
2026-02-25 16:33:53 INFO: [214332] Server: POST /api/bookings/verify-payment
2026-02-25 16:33:53 INFO: [214332] Server: GET /api/bookings/my-bookings
2026-02-25 16:33:53 INFO: [214332] Server: GET /api/bookings/confirmation/:id
2026-02-25 16:33:53 INFO: [214332] Server: GET /api/bookings/:id/email-preview
2026-02-25 16:33:53 INFO: [214332] Server: GET /api/bookings/:userId
2026-02-25 16:33:53 INFO: [214332] Server: POST /api/bookings/sync-mock
2026-02-25 16:33:53 INFO: [214332] Server: POST /api/orders
2026-02-25 16:33:53 INFO: [214332] Server: GET /api/orders/menu/:listingId
2026-02-25 16:33:53 INFO: [214332] Server: POST /api/orders/menu
2026-02-25 16:33:53 INFO: [214332] Server: GET /api/users/profile
2026-02-25 16:33:53 INFO: [214332] Server: PUT /api/users/profile
2026-02-25 16:33:53 INFO: [214332] Server: POST /api/auth/signup
2026-02-25 16:33:53 INFO: [214332] Server: POST /api/auth/signin
2026-02-25 16:33:53 INFO: [214332] Server: GET /api/auth/verify-email/:token
2026-02-25 16:33:53 INFO: [214332] Server: POST /api/auth/mobile-otp
2026-02-25 16:33:53 INFO: [214332] Server: POST /api/auth/verify-mobile
2026-02-25 16:33:53 INFO: [214332] Server: POST /api/auth/send-email-otp
2026-02-25 16:33:53 INFO: [214332] Server: POST /api/auth/verify-email-otp
2026-02-25 16:33:55 INFO: [214381] Server: Server running in development mode on port 5000
2026-02-25 16:33:55 INFO: [214381] Server: Registered Routes:
2026-02-25 16:33:55 INFO: [214381] Server: GET /
2026-02-25 16:33:55 INFO: [214381] Server: GET /api/categories
2026-02-25 16:33:55 INFO: [214381] Server: POST /api/categories
2026-02-25 16:33:55 INFO: [214381] Server: GET /api/categories/:slug
2026-02-25 16:33:55 INFO: [214381] Server: GET /api/listings
2026-02-25 16:33:55 INFO: [214381] Server: POST /api/listings
2026-02-25 16:33:55 INFO: [214381] Server: GET /api/listings/:id
2026-02-25 16:33:55 INFO: [214381] Server: PUT /api/listings/:id
2026-02-25 16:33:55 INFO: [214381] Server: DELETE /api/listings/:id
2026-02-25 16:33:55 INFO: [214381] Server: POST /api/bookings
2026-02-25 16:33:55 INFO: [214381] Server: POST /api/bookings/verify-payment
2026-02-25 16:33:55 INFO: [214381] Server: GET /api/bookings/my-bookings
2026-02-25 16:33:55 INFO: [214381] Server: GET /api/bookings/confirmation/:id
2026-02-25 16:33:55 INFO: [214381] Server: GET /api/bookings/:id/email-preview
2026-02-25 16:33:55 INFO: [214381] Server: GET /api/bookings/:userId
2026-02-25 16:33:55 INFO: [214381] Server: POST /api/bookings/sync-mock
2026-02-25 16:33:55 INFO: [214381] Server: POST /api/orders
2026-02-25 16:33:55 INFO: [214381] Server: GET /api/orders/menu/:listingId
2026-02-25 16:33:55 INFO: [214381] Server: POST /api/orders/menu
2026-02-25 16:33:55 INFO: [214381] Server: GET /api/users/profile
2026-02-25 16:33:55 INFO: [214381] Server: PUT /api/users/profile
2026-02-25 16:33:55 INFO: [214381] Server: POST /api/auth/signup
2026-02-25 16:33:55 INFO: [214381] Server: POST /api/auth/signin
2026-02-25 16:33:55 INFO: [214381] Server: GET /api/auth/verify-email/:token
2026-02-25 16:33:55 INFO: [214381] Server: POST /api/auth/mobile-otp
2026-02-25 16:33:55 INFO: [214381] Server: POST /api/auth/verify-mobile
2026-02-25 16:33:55 INFO: [214381] Server: POST /api/auth/send-email-otp
2026-02-25 16:33:55 INFO: [214381] Server: POST /api/auth/verify-email-otp
2026-02-25 16:39:52 INFO: [216547] Server: Server running in development mode on port 5000
2026-02-25 16:39:52 INFO: [216547] Server: Registered Routes:
2026-02-25 16:39:52 INFO: [216547] Server: GET /
2026-02-25 16:39:52 INFO: [216547] Server: GET /api/categories
2026-02-25 16:39:52 INFO: [216547] Server: POST /api/categories
2026-02-25 16:39:52 INFO: [216547] Server: GET /api/categories/:slug
2026-02-25 16:39:52 INFO: [216547] Server: GET /api/listings
2026-02-25 16:39:52 INFO: [216547] Server: POST /api/listings
2026-02-25 16:39:52 INFO: [216547] Server: GET /api/listings/:id
2026-02-25 16:39:52 INFO: [216547] Server: PUT /api/listings/:id
2026-02-25 16:39:52 INFO: [216547] Server: DELETE /api/listings/:id
2026-02-25 16:39:52 INFO: [216547] Server: POST /api/bookings
2026-02-25 16:39:52 INFO: [216547] Server: POST /api/bookings/verify-payment
2026-02-25 16:39:52 INFO: [216547] Server: GET /api/bookings/my-bookings
2026-02-25 16:39:52 INFO: [216547] Server: GET /api/bookings/confirmation/:id
2026-02-25 16:39:52 INFO: [216547] Server: GET /api/bookings/:id/email-preview
2026-02-25 16:39:52 INFO: [216547] Server: GET /api/bookings/:userId
2026-02-25 16:39:52 INFO: [216547] Server: POST /api/bookings/sync-mock
2026-02-25 16:39:52 INFO: [216547] Server: POST /api/orders
2026-02-25 16:39:52 INFO: [216547] Server: GET /api/orders/menu/:listingId
2026-02-25 16:39:52 INFO: [216547] Server: POST /api/orders/menu
2026-02-25 16:39:52 INFO: [216547] Server: GET /api/users/profile
2026-02-25 16:39:52 INFO: [216547] Server: PUT /api/users/profile
2026-02-25 16:39:52 INFO: [216547] Server: POST /api/auth/signup
2026-02-25 16:39:52 INFO: [216547] Server: POST /api/auth/signin
2026-02-25 16:39:52 INFO: [216547] Server: GET /api/auth/verify-email/:token
2026-02-25 16:39:52 INFO: [216547] Server: POST /api/auth/mobile-otp
2026-02-25 16:39:52 INFO: [216547] Server: POST /api/auth/verify-mobile
2026-02-25 16:39:52 INFO: [216547] Server: POST /api/auth/send-email-otp
2026-02-25 16:39:52 INFO: [216547] Server: POST /api/auth/verify-email-otp
